// Vitest Snapshot v1, https://vitest.dev/guide/snapshot.html

exports[`golden table — 78205, Aug 4–5 2026, 15 mi > matches the recorded output 1`] = `
"| Movie | Link | Notes |
|-------|------|-------|
| Spider-Man: Brand New Day | [Showtimes](https://www.fandango.com/spider-man-brand-new-day-2026-243819/movie-overview) |  |
| The Odyssey | [Showtimes](https://www.fandango.com/the-odyssey-2026-241283/movie-overview) | IMAX 70MM at Rivercenter, 70MM at Palladium, IMAX at Rivercenter, Regal Live Oak and Palladium |
| Minions & Monsters | [Showtimes](https://www.fandango.com/minions-and-monsters-2026-244409/movie-overview) |  |
| Moana | [Showtimes](https://www.fandango.com/moana-2026-243429/movie-overview) |  |
| Toy Story 5 | [Showtimes](https://www.fandango.com/toy-story-5-2026-243393/movie-overview) |  |
| Hadestown: The Musical | [Showtimes](https://www.fandango.com/hadestown-the-musical-2026-245859/movie-overview) |  |
| Evil Dead Burn | [Showtimes](https://www.fandango.com/evil-dead-burn-2026-244793/movie-overview) |  |
| Charlie the Wonderdog | [Showtimes](https://www.fandango.com/charlie-the-wonderdog-2026-243735/movie-overview) |  |
| Despicable Me 4 | [Showtimes](https://www.fandango.com/despicable-me-4-2024-234517/movie-overview) |  |
| Pinocchio Unstrung | [Showtimes](https://www.fandango.com/pinocchio-unstrung-2026-245907/movie-overview) | Only at City Base, Regal Cielo Vista and Regal Live Oak |
| The Invite | [Showtimes](https://www.fandango.com/the-invite-2026-246048/movie-overview) | Only at Alamo Quarry, Alamo Park North and Santikos Embassy 14 |
| Her Private Hell | [Showtimes](https://www.fandango.com/her-private-hell-2026-246230/movie-overview) | Only at Alamo Park North and Huebner Oaks |
| I Want Your Sex | [Showtimes](https://www.fandango.com/i-want-your-sex-2026-245262/movie-overview) | Only at Regal Cielo Vista and Regal Live Oak |
| Obsession | [Showtimes](https://www.fandango.com/obsession-2026-242812/movie-overview) | Only at Regal Cielo Vista and Palladium |
| Young Washington | [Showtimes](https://www.fandango.com/young-washington-2026-244774/movie-overview) | Only at Santikos Embassy 14 and Regal Northwoods |
| Alamo: The Price of Freedom | [Showtimes](https://www.fandango.com/alamo-the-price-of-freedom-2181/movie-overview) | IMAX, only at Rivercenter |
| Backrooms | [Showtimes](https://www.fandango.com/backrooms-2026-244954/movie-overview) | Only at City Base |
| Motor City | [Showtimes](https://www.fandango.com/motor-city-2026-245711/movie-overview) | Only at Regal Live Oak |
| Paddington 2 | [Showtimes](https://www.fandango.com/paddington-2-202672/movie-overview) | Only at Alamo Park North |
| Supergirl | [Showtimes](https://www.fandango.com/supergirl-2026-243716/movie-overview) | Only at Regal Live Oak |
| Willy Wonka & The Chocolate Factory 55th Anniversary | [Showtimes](https://www.fandango.com/willy-wonka-and-the-chocolate-factory-55th-anniversary-244292/movie-overview?date=2026-08-05) | Wednesday only |
| Aida: Met Summer Encore 2026 | [Showtimes](https://www.fandango.com/aida-met-summer-encore-2026-245727/movie-overview?date=2026-08-05) | Wednesday 1:00p and 6:30p at Alamo Quarry and Huebner Oaks |
| Gabby's Dollhouse: The Movie | [Showtimes](https://www.fandango.com/gabbys-dollhouse-the-movie-2025-240731/movie-overview?date=2026-08-05) | Wednesday at Cinemark McCreless Market (9:30a) and Cinemark Movies 16 (10:00a) |
| The Twilight Saga: New Moon | [Showtimes](https://www.fandango.com/the-twilight-saga-new-moon-2009-121786/movie-overview?date=2026-08-05) | Wednesday 3:10p and 6:15p at Santikos Embassy 14 and Santikos Casa Blanca |
| Billy Madison | [Showtimes](https://www.fandango.com/billy-madison-22956/movie-overview?date=2026-08-04) | Tuesday 6:30p at Flix Brewhouse |
| I Saw the TV Glow | [Showtimes](https://www.fandango.com/i-saw-the-tv-glow-2024-235271/movie-overview?date=2026-08-04) | Tuesday 11:00p at Alamo Park North |
| The Untouchables | [Showtimes](https://www.fandango.com/the-untouchables-30555/movie-overview?date=2026-08-05) | Wednesday 7:00p at Alamo Park North |
| Trolls World Tour | [Showtimes](https://www.fandango.com/trolls-world-tour-2020-219165/movie-overview?date=2026-08-04) | Tuesday 1:00p and 3:45p at Flix Brewhouse |
| We're All Going to the World's Fair | [Showtimes](https://www.fandango.com/were-all-going-to-the-worlds-fair-2022-227188/movie-overview?date=2026-08-04) | Tuesday 6:30p at Alamo Park North |"
`;
